../Core/Src/main.c:84:5:main	8	static
../Core/Src/main.c:196:6:SystemClock_Config	88	static
../Core/Src/main.c:242:13:MX_TIM2_Init	48	static
../Core/Src/main.c:291:13:MX_TIM3_Init	48	static
../Core/Src/main.c:340:13:MX_TIM4_Init	56	static
../Core/Src/main.c:391:13:MX_TIM5_Init	48	static
../Core/Src/main.c:440:13:MX_TIM8_Init	56	static
../Core/Src/main.c:492:13:MX_USART2_UART_Init	8	static
../Core/Src/main.c:525:13:MX_GPIO_Init	56	static
../Core/Src/main.c:566:6:HAL_UART_RxCpltCallback	16	static
../Core/Src/main.c:572:6:HAL_UART_TxCpltCallback	16	static
../Core/Src/main.c:579:6:Error_Handler	8	static,ignoring_inline_asm
